
> persis-ik@0.1.9 app:build
> next build && xcopy /e /i /y public .next\standalone\public && xcopy /e /i /y .next\static .next\standalone\.next\static && electron-builder

Ôû▓ Next.js 16.1.5 (Turbopack)
- Environments: .env

node.exe : ÔÜá The "middleware" file convention is deprecated. Please use "proxy" instead.
 Learn more: https://nextjs.org/docs/messages/middleware-to-proxy
At line:1 char:1
+ & "C:\Program Files\nodejs/node.exe" "C:\Program Files\nodejs/node_mo ...
+ ~~~~~~~~~~~~~~~~~~~~~~~~~~~~~~~~~~~~~~~~~~~~~~~~~~~~~~~~~~~~~~~~~~~~~
    + CategoryInfo          : NotSpecified: (ÔÜá The "middle...leware-to-proxy:String) [] 
   , RemoteException
    + FullyQualifiedErrorId : NativeCommandError
 
  Creating an optimized production build ...
Ô£ô Compiled successfully in 6.4s
  Skipping validation of types
  Collecting page data using 15 workers ...
  Generating static pages using 15 workers (0/4) ...
  Generating static pages using 15 workers (1/4) 
  Generating static pages using 15 workers (2/4) 
  Generating static pages using 15 workers (3/4) 
Ô£ô Generating static pages using 15 workers (4/4) in 99.5ms
  Finalizing page optimization ...

Route (app)
Ôöî ãÆ /
Ôö£ ãÆ /_not-found
Ôö£ ãÆ /activate
Ôö£ ãÆ /api/backup
Ôö£ ãÆ /api/upload
Ôö£ ãÆ /attendance
Ôö£ ãÆ /documents
Ôö£ ãÆ /employees
Ôö£ ãÆ /employees/[employeeId]
Ôö£ ãÆ /employees/[employeeId]/edit
Ôö£ ãÆ /employees/new
Ôö£ ãÆ /expenses
Ôö£ ãÆ /garnishments
Ôö£ Ôùï /icon.svg
Ôö£ ãÆ /isg
Ôö£ ãÆ /leave
Ôö£ ãÆ /login
Ôö£ ãÆ /reports/bes
Ôö£ ãÆ /reports/compensation
Ôö£ ãÆ /reports/execution
Ôö£ ãÆ /settings
Ôö£ ãÆ /settings/document-types
Ôöö ãÆ /sgk


ãÆ Proxy (Middleware)

Ôùï  (Static)   prerendered as static content
ãÆ  (Dynamic)  server-rendered on demand

public\file.svg
public\globe.svg
public\logo.png
public\next.svg
public\vercel.svg
public\window.svg
public\uploads\documents\189-1772784835193-960566445.jpg
public\uploads\documents\212-1772624818462-145744901.pdf
public\uploads\documents\212-1772627232400-823329140.pdf
public\uploads\isg\1769582590839_ADL__S_C_L_KAYDI.jpg
public\uploads\isg\1769582636991_kimlik_ehliyet.jpg
public\uploads\isg\1769582691536_kimlik_ehliyet.jpg
public\uploads\isg\1769582950233_ADL__S_C_L_KAYDI.jpg
public\uploads\isg\1769582979915_ADL__S_C_L_KAYDI.jpg
public\uploads\isg\1769582990132_ADL__S_C_L_KAYDI.jpg
public\uploads\isg\1769582996704_ADL__S_C_L_KAYDI.jpg
public\uploads\isg\1769583199261_ADL__S_C_L_KAYDI.jpg
public\uploads\isg\1769583206079_ADL__S_C_L_KAYDI.jpg
public\uploads\isg\1769583840582_sgk_ise_giris_-_2025-07-02T161118.570.pdf
public\uploads\isg\1769585259817_Zofunlar_-_FAT_H__AKIR_EK-2_PER_YOD_K07072025134701.pdf
public\uploads\isg\1769856024368_FAAL_YET_2026_E_MZALI.pdf
public\uploads\isg\1769856881768_Zofunlar_Beton__r.A._._IVD-VRG_LVH_11C9OO5MQ0XM_9980858345.pdf
public\uploads\isg\1772630991604_BSN-C7BAA5F7.pdf
public\uploads\isg\1772784884677_Izin_Formu_TAYFUN_M_M_N_TURAN.pdf
24 File(s) copied
.next\static\chunks\118adad3abbbce9c.js
.next\static\chunks\12daa96885968840.js
.next\static\chunks\1aab2f9058e9d3b5.js
.next\static\chunks\1d74bc649bdcbfb6.js
.next\static\chunks\20e58c0831b6c8d3.js
.next\static\chunks\240d7b8792c0a268.css
.next\static\chunks\26dac03d160e6de8.js
.next\static\chunks\2c2011ea4cdd56c3.js
.next\static\chunks\2c4c91fd5c97d104.js
.next\static\chunks\2c9ba9907ca5d8da.js
.next\static\chunks\4056cc2cd91ef565.js
.next\static\chunks\43a1806831c6f0f6.js
.next\static\chunks\449693f64b37eccf.js
.next\static\chunks\4545532d798ed1fe.js
.next\static\chunks\46b334ca3410349e.js
.next\static\chunks\471db961ff323f28.js
.next\static\chunks\47ecfd648007ddf9.js
.next\static\chunks\4dfb2f4295b95cad.js
.next\static\chunks\4e20891f2fd03463.css
.next\static\chunks\4eeeb401df0a92bb.js
.next\static\chunks\5167e9fad2b68295.js
.next\static\chunks\627ec84244db13d0.js
.next\static\chunks\65381026dce82ca1.js
.next\static\chunks\73c843257b6c09d2.js
.next\static\chunks\7e6c97e765b7374e.js
.next\static\chunks\7e833774584900b1.js
.next\static\chunks\7f18b0e78fd4959a.js
.next\static\chunks\7f68a0de1bfdede3.js
.next\static\chunks\8250c21ef1ba85c9.js
.next\static\chunks\860f0df9407939a2.js
.next\static\chunks\8af2daba4a60e509.js
.next\static\chunks\8f6329271f4e8b59.js
.next\static\chunks\92d55b50a3d403ba.js
.next\static\chunks\a6dad97d9634a72d.js
.next\static\chunks\a6dad97d9634a72d.js.map
.next\static\chunks\acfa911f32183f5d.js
.next\static\chunks\ae737fe38713603e.js
.next\static\chunks\b5d96228bb8bd8ba.js
.next\static\chunks\bd4a872e55e4df99.js
.next\static\chunks\c7542caa9066774b.js
.next\static\chunks\cb64f525ed3f86df.js
.next\static\chunks\de2fa932e947426e.js
.next\static\chunks\de86a8eeaa2c7239.js
.next\static\chunks\e72096ebb1519350.js
.next\static\chunks\ec1f057ecdafcc4d.js
.next\static\chunks\ee95d2f757d77f29.js
.next\static\chunks\f7ecf1cb2a16f5e3.js
.next\static\chunks\f94b92e78c0269da.js
.next\static\chunks\f9a4eca87e75a791.js
.next\static\chunks\fad4448fb93c8307.js
.next\static\chunks\fd2b40fdda07a237.js
.next\static\chunks\ff1a16fafef87110.js
.next\static\chunks\turbopack-82e7c270b6c230cb.js
.next\static\media\1bffadaabf893a1e-s.7cd81963.woff2
.next\static\media\2bbe8d2671613f1f-s.76dcb0b2.woff2
.next\static\media\2c55a0e60120577a-s.2a48534a.woff2
.next\static\media\5476f68d60460930-s.c995e352.woff2
.next\static\media\83afe278b6a6bb3c-s.p.3a6ba036.woff2
.next\static\media\9c72aa0f40e4eef8-s.18a48cbc.woff2
.next\static\media\ad66f9afd8947f86-s.7a40eb73.woff2
.next\static\media\icon.5f2db9b2.svg
.next\static\ptoluZpNdIo_qcLIOmHt1\_buildManifest.js
.next\static\ptoluZpNdIo_qcLIOmHt1\_clientMiddlewareManifest.json
.next\static\ptoluZpNdIo_qcLIOmHt1\_ssgManifest.js
64 File(s) copied
  ÔÇó electron-builder  version=24.13.3 os=10.0.26200
  ÔÇó loaded configuration  file=package.json ("build" field)
  ÔÇó effective config  config=directories:
  output: dist
  buildResources: build
appId: com.persis.ik
productName: Persis IK
publish:
  - provider: github
    owner: ygocmen78-art
    repo: persis-ik
asar: true
asarUnpack: []
files:
  - filter:
      - main.js
      - package.json
      - loading.html
      - build/icon.png
      - build/icon.ico
      - .next/static/**/*
      - public/**/*
extraResources:
  - from: .next/standalone
    to: standalone
    filter:
      - '**/*'
      - '!node_modules/better-sqlite3'
      - '!node_modules/canvas'
      - '!node_modules/bindings'
      - '!node_modules/file-uri-to-path'
      - '!sqlite.db'
      - '!*.db'
  - from: node_modules/better-sqlite3
    to: standalone/node_modules/better-sqlite3
  - from: node_modules/canvas
    to: standalone/node_modules/canvas
  - from: node_modules/bindings
    to: standalone/node_modules/bindings
  - from: node_modules/file-uri-to-path
    to: standalone/node_modules/file-uri-to-path
  - from: drizzle
    to: drizzle
win:
  icon: build/icon.ico
  verifyUpdateCodeSignature: false
  signAndEditExecutable: true
  target:
    - nsis
nsis:
  oneClick: false
  allowToChangeInstallationDirectory: true
  createDesktopShortcut: true
  createStartMenuShortcut: true
  shortcutName: Persis IK
  deleteAppDataOnUninstall: false
  runAfterFinish: true
  installerIcon: build/icon.ico
  uninstallerIcon: build/icon.ico
  installerHeaderIcon: build/icon.ico
  include: build/installer.nsh
  forceCodeExecution: true

  ÔÇó description is missed in the package.json  appPackageFile=C:\Users\muhasebe2\.gemini\antigravity\persis-desktop\package.json
  ÔÇó author is missed in the package.json  appPackageFile=C:\Users\muhasebe2\.gemini\antigravity\persis-desktop\package.json
  Ô¿» Invalid configuration object. electron-builder 24.13.3 has been initialized using a configuration object that does not match the API schema.
 - configuration.nsis has an unknown property 'forceCodeExecution'. These properties are valid:
   object { allowElevation?, allowToChangeInstallationDirectory?, artifactName?, createDesktopShortcut?, createStartMenuShortcut?, customNsisBinary?, deleteAppDataOnUninstall?, differentialPackage?, displayLanguageSelector?, guid?, include?, installerHeader?, installerHeaderIcon?, installerIcon?, installerLanguages?, installerSidebar?, language?, license?, menuCategory?, multiLanguageInstaller?, oneClick?, packElevateHelper?, perMachine?, preCompressedFileExtensions?, publish?, removeDefaultUninstallWelcomePage?, runAfterFinish?, script?, selectPerMachineByDefault?, shortcutName?, unicode?, uninstallDisplayName?, uninstallerIcon?, uninstallerSidebar?, useZip?, warningsAsErrors? }
     How to fix:
     1. Open https://www.electron.build/configuration/nsis
     2. Search the option name on the page (or type in into Search to find across the docs).
       * Not found? The option was deprecated or not exists (check spelling).
       * Found? Check that the option in the appropriate place. e.g. "title" only in the "dmg", not in the root.
  failedTask=build stackTrace=ValidationError: Invalid configuration object. electron-builder 24.13.3 has been initialized using a configuration object that does not match the API schema.
 - configuration.nsis has an unknown property 'forceCodeExecution'. These properties are valid:
   object { allowElevation?, allowToChangeInstallationDirectory?, artifactName?, createDesktopShortcut?, createStartMenuShortcut?, customNsisBinary?, deleteAppDataOnUninstall?, differentialPackage?, displayLanguageSelector?, guid?, include?, installerHeader?, installerHeaderIcon?, installerIcon?, installerLanguages?, installerSidebar?, language?, license?, menuCategory?, multiLanguageInstaller?, oneClick?, packElevateHelper?, perMachine?, preCompressedFileExtensions?, publish?, removeDefaultUninstallWelcomePage?, runAfterFinish?, script?, selectPerMachineByDefault?, shortcutName?, unicode?, uninstallDisplayName?, uninstallerIcon?, uninstallerSidebar?, useZip?, warningsAsErrors? }
     How to fix:
     1. Open https://www.electron.build/configuration/nsis
     2. Search the option name on the page (or type in into Search to find across the docs).
       * Not found? The option was deprecated or not exists (check spelling).
       * Found? Check that the option in the appropriate place. e.g. "title" only in the "dmg", not in the root.
                                                                                                                                                                                                                                                                                                                                                                                                                                                                                                                                                                                                                                                                                                                                                                                                                                                                                                                                                                                                                                                                                                                                                                                                                                                                                                                                                  at validate (C:\Users\muhasebe2\.gemini\antigravity\persis-desktop\node_modules\@develar\schema-utils\dist\validate.js:86:11)
    at validateConfig (C:\Users\muhasebe2\.gemini\antigravity\persis-desktop\node_modules\app-builder-lib\src\util\config.ts:240:3)
    at Packager._build (C:\Users\muhasebe2\.gemini\antigravity\persis-desktop\node_modules\app-builder-lib\src\packager.ts:345:5)
    at Packager.build (C:\Users\muhasebe2\.gemini\antigravity\persis-desktop\node_modules\app-builder-lib\src\packager.ts:340:12)
    at executeFinally (C:\Users\muhasebe2\.gemini\antigravity\persis-desktop\node_modules\builder-util\src\promise.ts:12:14)
